 
****************************************
Report : area
Design : mips_top
Version: U-2022.12-SP5
Date   : Sat May  2 18:56:45 2026
****************************************

Library(s) Used:

    saed14rvt_base_tt0p8v25c (File: /home/vlsi3/Documents/ppa_auto/real_test7/lib/saed14rvt_base_tt0p8v25c.db)

Number of ports:                          283
Number of nets:                          6646
Number of cells:                         6375
Number of combinational cells:           4918
Number of sequential cells:              1456
Number of macros/black boxes:               0
Number of buf/inv:                        539
Number of references:                      68

Combinational area:               1502.984370
Buf/Inv area:                      114.241200
Noncombinational area:            1334.219993
Macro/Black Box area:                0.000000
Net Interconnect area:            6706.659457

Total cell area:                  2837.204363
Total area:                       9543.863819

Hierarchical area distribution
------------------------------

                                  Global cell area          Local cell area
                                  ------------------  ---------------------------- 
Hierarchical cell                 Absolute   Percent  Combi-     Noncombi-  Black-
                                  Total      Total    national   national   boxes   Design
--------------------------------  ---------  -------  ---------  ---------  ------  -------------
mips_top                          2837.2044    100.0   657.9192   494.5272  0.0000  mips_top
rf                                1684.7579     59.4   845.0652   839.6928  0.0000  register_file
--------------------------------  ---------  -------  ---------  ---------  ------  -------------
Total                                                 1502.9844  1334.2200  0.0000

1
