 
****************************************
Report : area
Design : mips_top
Version: U-2022.12-SP5
Date   : Sat May  2 18:46:50 2026
****************************************

Library(s) Used:

    saed14rvt_base_ff0p88v25c (File: /home/vlsi3/Documents/ppa_auto/real_test7/lib/saed14rvt_base_ff0p88v25c.db)

Number of ports:                          283
Number of nets:                          6811
Number of cells:                         6571
Number of combinational cells:           5110
Number of sequential cells:              1460
Number of macros/black boxes:               0
Number of buf/inv:                        586
Number of references:                      77

Combinational area:               1541.567972
Buf/Inv area:                      119.302799
Noncombinational area:            1338.526793
Macro/Black Box area:                0.000000
Net Interconnect area:            6986.361772

Total cell area:                  2880.094765
Total area:                       9866.456537

Hierarchical area distribution
------------------------------

                                  Global cell area          Local cell area
                                  ------------------  ---------------------------- 
Hierarchical cell                 Absolute   Percent  Combi-     Noncombi-  Black-
                                  Total      Total    national   national   boxes   Design
--------------------------------  ---------  -------  ---------  ---------  ------  -------------
mips_top                          2880.0948    100.0   695.9256   498.8340  0.0000  mips_top
rf                                1685.3351     58.5   845.6424   839.6928  0.0000  register_file
--------------------------------  ---------  -------  ---------  ---------  ------  -------------
Total                                                 1541.5680  1338.5268  0.0000

1
