 
****************************************
Report : area
Design : mips_top
Version: U-2022.12-SP5
Date   : Sat May  2 18:58:12 2026
****************************************

Library(s) Used:

    saed14rvt_base_ss0p72v125c (File: /home/vlsi3/Documents/ppa_auto/real_test7/lib/saed14rvt_base_ss0p72v125c.db)

Number of ports:                          283
Number of nets:                          6731
Number of cells:                         6461
Number of combinational cells:           5002
Number of sequential cells:              1458
Number of macros/black boxes:               0
Number of buf/inv:                        604
Number of references:                      95

Combinational area:               1541.479170
Buf/Inv area:                      136.574398
Noncombinational area:            1336.661993
Macro/Black Box area:                0.000000
Net Interconnect area:            6589.450222

Total cell area:                  2878.141163
Total area:                       9467.591385

Hierarchical area distribution
------------------------------

                                  Global cell area          Local cell area
                                  ------------------  ---------------------------- 
Hierarchical cell                 Absolute   Percent  Combi-     Noncombi-  Black-
                                  Total      Total    national   national   boxes   Design
--------------------------------  ---------  -------  ---------  ---------  ------  -------------
mips_top                          2878.1412    100.0   679.8972   496.9692  0.0000  mips_top
rf                                1701.2747     59.1   861.5820   839.6928  0.0000  register_file
--------------------------------  ---------  -------  ---------  ---------  ------  -------------
Total                                                 1541.4792  1336.6620  0.0000

1
