Information: Updating design information... (UID-85)
Warning: Design 'mips_top' contains 1 high-fanout nets. A fanout number of 1000 will be used for delay calculations involving these nets. (TIM-134)
 
****************************************
Report : timing
        -path full
        -delay max
        -max_paths 5
Design : mips_top
Version: U-2022.12-SP5
Date   : Sat May  2 18:51:05 2026
****************************************

 # A fanout number of 1000 was used for high fanout net computations.

Operating Conditions: tt0p8v25c   Library: saed14rvt_base_tt0p8v25c
Wire Load Model Mode: top

  Startpoint: mem_wb_write_reg_out_reg_0_
              (rising edge-triggered flip-flop clocked by clk)
  Endpoint: ex_mem_zero_out_reg
            (rising edge-triggered flip-flop clocked by clk)
  Path Group: clk
  Path Type: max

  Des/Clust/Port     Wire Load Model       Library
  ------------------------------------------------
  mips_top           8000                  saed14rvt_base_tt0p8v25c

  Point                                                         Incr       Path
  --------------------------------------------------------------------------------
  clock clk (rise edge)                                         0.00       0.00
  clock network delay (ideal)                                   0.00       0.00
  mem_wb_write_reg_out_reg_0_/CK (SAEDRVT14_FDPRBQ_V2_0P5)      0.00 #     0.00 r
  mem_wb_write_reg_out_reg_0_/Q (SAEDRVT14_FDPRBQ_V2_0P5)       0.45       0.45 r
  U1536/X (SAEDRVT14_INV_S_0P5)                                 0.28       0.72 f
  U2199/X (SAEDRVT14_OAI22_0P75)                                0.08       0.81 r
  U2186/X (SAEDRVT14_OR4_1)                                     0.05       0.85 r
  U1522/X (SAEDRVT14_NR2_5)                                     0.29       1.14 f
  U1744/X (SAEDRVT14_NR2_MM_1)                                  0.15       1.29 r
  U1613/X (SAEDRVT14_BUF_3)                                     0.15       1.44 r
  U1743/X (SAEDRVT14_AO22_0P75)                                 0.08       1.51 r
  U2711/X (SAEDRVT14_AOI21_0P5)                                 0.06       1.58 f
  U1736/X (SAEDRVT14_ND2_CDC_1)                                 0.06       1.64 r
  U2280/X (SAEDRVT14_ND2_CDC_1)                                 0.29       1.93 f
  U3168/X (SAEDRVT14_INV_S_1)                                   0.20       2.13 r
  U2010/X (SAEDRVT14_EO2_0P5)                                   0.07       2.19 r
  DP_OP_141J2_122_2964_U32/CO (SAEDRVT14_ADDF_V1_1)             0.05       2.25 r
  DP_OP_141J2_122_2964_U31/CO (SAEDRVT14_ADDF_V1_1)             0.04       2.29 r
  DP_OP_141J2_122_2964_U30/CO (SAEDRVT14_ADDF_V1_1)             0.04       2.33 r
  DP_OP_141J2_122_2964_U29/CO (SAEDRVT14_ADDF_V1_1)             0.04       2.38 r
  DP_OP_141J2_122_2964_U28/CO (SAEDRVT14_ADDF_V1_1)             0.04       2.42 r
  DP_OP_141J2_122_2964_U27/CO (SAEDRVT14_ADDF_V1_1)             0.04       2.46 r
  DP_OP_141J2_122_2964_U26/CO (SAEDRVT14_ADDF_V1_1)             0.04       2.51 r
  DP_OP_141J2_122_2964_U25/CO (SAEDRVT14_ADDF_V1_1)             0.04       2.55 r
  DP_OP_141J2_122_2964_U24/CO (SAEDRVT14_ADDF_V1_1)             0.04       2.59 r
  DP_OP_141J2_122_2964_U23/CO (SAEDRVT14_ADDF_V1_1)             0.04       2.64 r
  DP_OP_141J2_122_2964_U22/CO (SAEDRVT14_ADDF_V1_1)             0.04       2.68 r
  DP_OP_141J2_122_2964_U21/CO (SAEDRVT14_ADDF_V1_1)             0.04       2.72 r
  DP_OP_141J2_122_2964_U20/CO (SAEDRVT14_ADDF_V1_1)             0.04       2.77 r
  DP_OP_141J2_122_2964_U19/CO (SAEDRVT14_ADDF_V1_1)             0.04       2.81 r
  DP_OP_141J2_122_2964_U18/CO (SAEDRVT14_ADDF_V1_1)             0.04       2.85 r
  DP_OP_141J2_122_2964_U17/CO (SAEDRVT14_ADDF_V1_1)             0.04       2.90 r
  DP_OP_141J2_122_2964_U16/CO (SAEDRVT14_ADDF_V1_1)             0.04       2.94 r
  DP_OP_141J2_122_2964_U15/CO (SAEDRVT14_ADDF_V1_1)             0.04       2.98 r
  DP_OP_141J2_122_2964_U14/CO (SAEDRVT14_ADDF_V1_1)             0.04       3.03 r
  DP_OP_141J2_122_2964_U13/CO (SAEDRVT14_ADDF_V1_1)             0.04       3.07 r
  DP_OP_141J2_122_2964_U12/CO (SAEDRVT14_ADDF_V1_1)             0.04       3.11 r
  DP_OP_141J2_122_2964_U11/CO (SAEDRVT14_ADDF_V1_1)             0.04       3.16 r
  DP_OP_141J2_122_2964_U10/CO (SAEDRVT14_ADDF_V1_1)             0.04       3.20 r
  DP_OP_141J2_122_2964_U9/CO (SAEDRVT14_ADDF_V1_1)              0.04       3.24 r
  DP_OP_141J2_122_2964_U8/CO (SAEDRVT14_ADDF_V1_1)              0.04       3.29 r
  DP_OP_141J2_122_2964_U7/CO (SAEDRVT14_ADDF_V1_1)              0.04       3.33 r
  DP_OP_141J2_122_2964_U6/CO (SAEDRVT14_ADDF_V1_1)              0.04       3.38 r
  DP_OP_141J2_122_2964_U5/CO (SAEDRVT14_ADDF_V1_1)              0.04       3.42 r
  DP_OP_141J2_122_2964_U4/CO (SAEDRVT14_ADDF_V1_1)              0.04       3.46 r
  DP_OP_141J2_122_2964_U3/CO (SAEDRVT14_ADDF_V1_1)              0.04       3.50 r
  U1632/X (SAEDRVT14_EO2_1)                                     0.04       3.54 f
  U3518/X (SAEDRVT14_AO21B_0P5)                                 0.04       3.58 f
  U3519/X (SAEDRVT14_AOI21_0P5)                                 0.05       3.63 r
  U3520/X (SAEDRVT14_OAI21_0P5)                                 0.07       3.70 f
  U3521/X (SAEDRVT14_AOI21_0P5)                                 0.08       3.78 r
  U3595/X (SAEDRVT14_AN4_1)                                     0.05       3.83 r
  U3597/X (SAEDRVT14_AN4_1)                                     0.03       3.87 r
  U3598/X (SAEDRVT14_AN4_1)                                     0.03       3.90 r
  U3599/X (SAEDRVT14_AN4_1)                                     0.03       3.94 r
  ex_mem_zero_out_reg/D (SAEDRVT14_FDPRBQ_V2_0P5)               0.00       3.94 r
  data arrival time                                                        3.94

  clock clk (rise edge)                                         4.00       4.00
  clock network delay (ideal)                                   0.00       4.00
  clock uncertainty                                            -0.05       3.95
  ex_mem_zero_out_reg/CK (SAEDRVT14_FDPRBQ_V2_0P5)              0.00       3.95 r
  library setup time                                           -0.01       3.94
  data required time                                                       3.94
  --------------------------------------------------------------------------------
  data required time                                                       3.94
  data arrival time                                                       -3.94
  --------------------------------------------------------------------------------
  slack (MET)                                                              0.00


  Startpoint: mem_wb_write_reg_out_reg_0_
              (rising edge-triggered flip-flop clocked by clk)
  Endpoint: id_ex_read_data1_out_reg_8_
            (rising edge-triggered flip-flop clocked by clk)
  Path Group: clk
  Path Type: max

  Des/Clust/Port     Wire Load Model       Library
  ------------------------------------------------
  mips_top           8000                  saed14rvt_base_tt0p8v25c

  Point                                                         Incr       Path
  --------------------------------------------------------------------------------
  clock clk (rise edge)                                         0.00       0.00
  clock network delay (ideal)                                   0.00       0.00
  mem_wb_write_reg_out_reg_0_/CK (SAEDRVT14_FDPRBQ_V2_0P5)      0.00 #     0.00 r
  mem_wb_write_reg_out_reg_0_/Q (SAEDRVT14_FDPRBQ_V2_0P5)       0.45       0.45 r
  rf/write_addr[0] (register_file)                              0.00       0.45 r
  rf/U45/X (SAEDRVT14_INV_S_0P5)                                0.43       0.88 f
  rf/U256/X (SAEDRVT14_OAI21_0P5)                               0.09       0.96 r
  rf/U37/X (SAEDRVT14_OR4_1)                                    0.70       1.66 r
  rf/U36/X (SAEDRVT14_BUF_1)                                    0.45       2.11 r
  rf/U76/X (SAEDRVT14_ND2_CDC_1)                                0.17       2.28 f
  rf/U1423/X (SAEDRVT14_NR2_MM_1)                               0.30       2.58 r
  rf/U1434/X (SAEDRVT14_ND2_CDC_1)                              0.49       3.07 f
  rf/U25/X (SAEDRVT14_BUF_1P5)                                  0.51       3.58 f
  rf/U2328/X (SAEDRVT14_OAI22_0P5)                              0.20       3.78 r
  rf/U2332/X (SAEDRVT14_OR4_1)                                  0.06       3.83 r
  rf/U2342/X (SAEDRVT14_OR4_1)                                  0.03       3.86 r
  rf/read_data1[8] (register_file)                              0.00       3.86 r
  U2002/X (SAEDRVT14_AN2_MM_0P5)                                0.04       3.90 r
  id_ex_read_data1_out_reg_8_/D (SAEDRVT14_FDPRBQ_V2_0P5)       0.00       3.90 r
  data arrival time                                                        3.90

  clock clk (rise edge)                                         4.00       4.00
  clock network delay (ideal)                                   0.00       4.00
  clock uncertainty                                            -0.05       3.95
  id_ex_read_data1_out_reg_8_/CK (SAEDRVT14_FDPRBQ_V2_0P5)      0.00       3.95 r
  library setup time                                           -0.02       3.93
  data required time                                                       3.93
  --------------------------------------------------------------------------------
  data required time                                                       3.93
  data arrival time                                                       -3.90
  --------------------------------------------------------------------------------
  slack (MET)                                                              0.03


  Startpoint: mem_wb_write_reg_out_reg_0_
              (rising edge-triggered flip-flop clocked by clk)
  Endpoint: id_ex_read_data1_out_reg_10_
            (rising edge-triggered flip-flop clocked by clk)
  Path Group: clk
  Path Type: max

  Des/Clust/Port     Wire Load Model       Library
  ------------------------------------------------
  mips_top           8000                  saed14rvt_base_tt0p8v25c

  Point                                                         Incr       Path
  --------------------------------------------------------------------------------
  clock clk (rise edge)                                         0.00       0.00
  clock network delay (ideal)                                   0.00       0.00
  mem_wb_write_reg_out_reg_0_/CK (SAEDRVT14_FDPRBQ_V2_0P5)      0.00 #     0.00 r
  mem_wb_write_reg_out_reg_0_/Q (SAEDRVT14_FDPRBQ_V2_0P5)       0.45       0.45 r
  rf/write_addr[0] (register_file)                              0.00       0.45 r
  rf/U45/X (SAEDRVT14_INV_S_0P5)                                0.43       0.88 f
  rf/U256/X (SAEDRVT14_OAI21_0P5)                               0.09       0.96 r
  rf/U37/X (SAEDRVT14_OR4_1)                                    0.70       1.66 r
  rf/U36/X (SAEDRVT14_BUF_1)                                    0.45       2.11 r
  rf/U76/X (SAEDRVT14_ND2_CDC_1)                                0.17       2.28 f
  rf/U1423/X (SAEDRVT14_NR2_MM_1)                               0.30       2.58 r
  rf/U1434/X (SAEDRVT14_ND2_CDC_1)                              0.49       3.07 f
  rf/U25/X (SAEDRVT14_BUF_1P5)                                  0.51       3.58 f
  rf/U1977/X (SAEDRVT14_OAI22_0P5)                              0.20       3.78 r
  rf/U1980/X (SAEDRVT14_OR4_1)                                  0.06       3.83 r
  rf/U1990/X (SAEDRVT14_OR4_1)                                  0.03       3.86 r
  rf/read_data1[10] (register_file)                             0.00       3.86 r
  U1956/X (SAEDRVT14_AN2_MM_0P5)                                0.04       3.90 r
  id_ex_read_data1_out_reg_10_/D (SAEDRVT14_FDPRBQ_V2_0P5)      0.00       3.90 r
  data arrival time                                                        3.90

  clock clk (rise edge)                                         4.00       4.00
  clock network delay (ideal)                                   0.00       4.00
  clock uncertainty                                            -0.05       3.95
  id_ex_read_data1_out_reg_10_/CK (SAEDRVT14_FDPRBQ_V2_0P5)     0.00       3.95 r
  library setup time                                           -0.02       3.93
  data required time                                                       3.93
  --------------------------------------------------------------------------------
  data required time                                                       3.93
  data arrival time                                                       -3.90
  --------------------------------------------------------------------------------
  slack (MET)                                                              0.03


  Startpoint: mem_wb_write_reg_out_reg_0_
              (rising edge-triggered flip-flop clocked by clk)
  Endpoint: id_ex_read_data1_out_reg_11_
            (rising edge-triggered flip-flop clocked by clk)
  Path Group: clk
  Path Type: max

  Des/Clust/Port     Wire Load Model       Library
  ------------------------------------------------
  mips_top           8000                  saed14rvt_base_tt0p8v25c

  Point                                                         Incr       Path
  --------------------------------------------------------------------------------
  clock clk (rise edge)                                         0.00       0.00
  clock network delay (ideal)                                   0.00       0.00
  mem_wb_write_reg_out_reg_0_/CK (SAEDRVT14_FDPRBQ_V2_0P5)      0.00 #     0.00 r
  mem_wb_write_reg_out_reg_0_/Q (SAEDRVT14_FDPRBQ_V2_0P5)       0.45       0.45 r
  rf/write_addr[0] (register_file)                              0.00       0.45 r
  rf/U45/X (SAEDRVT14_INV_S_0P5)                                0.43       0.88 f
  rf/U256/X (SAEDRVT14_OAI21_0P5)                               0.09       0.96 r
  rf/U37/X (SAEDRVT14_OR4_1)                                    0.70       1.66 r
  rf/U36/X (SAEDRVT14_BUF_1)                                    0.45       2.11 r
  rf/U76/X (SAEDRVT14_ND2_CDC_1)                                0.17       2.28 f
  rf/U1423/X (SAEDRVT14_NR2_MM_1)                               0.30       2.58 r
  rf/U1434/X (SAEDRVT14_ND2_CDC_1)                              0.49       3.07 f
  rf/U25/X (SAEDRVT14_BUF_1P5)                                  0.51       3.58 f
  rf/U2288/X (SAEDRVT14_OAI22_0P5)                              0.20       3.78 r
  rf/U2291/X (SAEDRVT14_OR4_1)                                  0.06       3.83 r
  rf/U2302/X (SAEDRVT14_OR4_1)                                  0.03       3.86 r
  rf/read_data1[11] (register_file)                             0.00       3.86 r
  U1961/X (SAEDRVT14_AN2_MM_0P5)                                0.04       3.90 r
  id_ex_read_data1_out_reg_11_/D (SAEDRVT14_FDPRBQ_V2_0P5)      0.00       3.90 r
  data arrival time                                                        3.90

  clock clk (rise edge)                                         4.00       4.00
  clock network delay (ideal)                                   0.00       4.00
  clock uncertainty                                            -0.05       3.95
  id_ex_read_data1_out_reg_11_/CK (SAEDRVT14_FDPRBQ_V2_0P5)     0.00       3.95 r
  library setup time                                           -0.02       3.93
  data required time                                                       3.93
  --------------------------------------------------------------------------------
  data required time                                                       3.93
  data arrival time                                                       -3.90
  --------------------------------------------------------------------------------
  slack (MET)                                                              0.03


  Startpoint: mem_wb_write_reg_out_reg_0_
              (rising edge-triggered flip-flop clocked by clk)
  Endpoint: id_ex_read_data1_out_reg_19_
            (rising edge-triggered flip-flop clocked by clk)
  Path Group: clk
  Path Type: max

  Des/Clust/Port     Wire Load Model       Library
  ------------------------------------------------
  mips_top           8000                  saed14rvt_base_tt0p8v25c

  Point                                                         Incr       Path
  --------------------------------------------------------------------------------
  clock clk (rise edge)                                         0.00       0.00
  clock network delay (ideal)                                   0.00       0.00
  mem_wb_write_reg_out_reg_0_/CK (SAEDRVT14_FDPRBQ_V2_0P5)      0.00 #     0.00 r
  mem_wb_write_reg_out_reg_0_/Q (SAEDRVT14_FDPRBQ_V2_0P5)       0.45       0.45 r
  rf/write_addr[0] (register_file)                              0.00       0.45 r
  rf/U45/X (SAEDRVT14_INV_S_0P5)                                0.43       0.88 f
  rf/U256/X (SAEDRVT14_OAI21_0P5)                               0.09       0.96 r
  rf/U37/X (SAEDRVT14_OR4_1)                                    0.70       1.66 r
  rf/U36/X (SAEDRVT14_BUF_1)                                    0.45       2.11 r
  rf/U76/X (SAEDRVT14_ND2_CDC_1)                                0.17       2.28 f
  rf/U1423/X (SAEDRVT14_NR2_MM_1)                               0.30       2.58 r
  rf/U1434/X (SAEDRVT14_ND2_CDC_1)                              0.49       3.07 f
  rf/U25/X (SAEDRVT14_BUF_1P5)                                  0.51       3.58 f
  rf/U1996/X (SAEDRVT14_OAI22_0P5)                              0.20       3.78 r
  rf/U2000/X (SAEDRVT14_OR4_1)                                  0.06       3.83 r
  rf/U2010/X (SAEDRVT14_OR4_1)                                  0.03       3.86 r
  rf/read_data1[19] (register_file)                             0.00       3.86 r
  U1988/X (SAEDRVT14_AN2_MM_0P5)                                0.04       3.90 r
  id_ex_read_data1_out_reg_19_/D (SAEDRVT14_FDPRBQ_V2_0P5)      0.00       3.90 r
  data arrival time                                                        3.90

  clock clk (rise edge)                                         4.00       4.00
  clock network delay (ideal)                                   0.00       4.00
  clock uncertainty                                            -0.05       3.95
  id_ex_read_data1_out_reg_19_/CK (SAEDRVT14_FDPRBQ_V2_0P5)     0.00       3.95 r
  library setup time                                           -0.02       3.93
  data required time                                                       3.93
  --------------------------------------------------------------------------------
  data required time                                                       3.93
  data arrival time                                                       -3.90
  --------------------------------------------------------------------------------
  slack (MET)                                                              0.03


1
